<html>
<body>
<pre>
<h1>礦ision Build Log</h1>
<h2>Tool Versions:</h2>
IDE-Version: μVision V5.15
Copyright (C) 2015 ARM Ltd and ARM Germany GmbH. All rights reserved.
License Information:  ,  , LIC=BL2BS-LLG47-RFMIZ-JZKX6-EXBRP-R8UZ1
 
Tool Versions:
Toolchain:       MDK-ARM Professional  Version: 5.15.0
Toolchain Path:  C:\Keil_v5\ARM\ARMCC\Bin
C Compiler:      Armcc.exe V5.05 update 2 (build 169)
Assembler:       Armasm.exe V5.05 update 2 (build 169)
Linker/Locator:  ArmLink.exe V5.05 update 2 (build 169)
Library Manager: ArmAr.exe V5.05 update 2 (build 169)
Hex Converter:   FromElf.exe V5.05 update 2 (build 169)
CPU DLL:         SARMCM3.DLL V5.15.0
Dialog DLL:      DCM.DLL V1.13.2.0
Target DLL:      UL2CM3.DLL V1.155.8.0
Dialog DLL:      TCM.DLL V1.14.5.0
 
<h2>Project:</h2>
C:\Users\Lenovo\Desktop\Lidar资料\Delta-3A\Delta-3A_mcu_demo(stm32f103cb)\Keil\mcu_sdk_demo.uvprojx
Project File Date:  12/25/2018

<h2>Output:</h2>
*** Using Compiler 'V5.05 update 2 (build 169)', folder: 'C:\Keil_v5\ARM\ARMCC\Bin'
Rebuild target 'deltaIII'
compiling main.c...
..\Source\App\main.c(33): warning:  #223-D: function "memcpy" declared implicitly
        memcpy(TxBuffer.Buff,&Preq,7);
..\Source\App\main.c(67): warning:  #223-D: function "memcpy" declared implicitly
        memcpy(TxBuffer.Buff,&Preq,7);
..\Source\App\main.c(91): warning:  #177-D: variable "i" was declared but never referenced
        uint16_t i=0;
..\Source\App\main.c(136): warning:  #1-D: last line of file ends without a newline
  */
..\Source\App\main.c: 4 warnings, 0 errors
compiling Lidar.c...
..\Source\App\Lidar.c(275): warning:  #223-D: function "memcpy" declared implicitly
        memcpy((uint8_t *)&Preq,(uint8_t * )RxBuffer.Buff,7);
..\Source\App\Lidar.c: 1 warning, 0 errors
compiling Bsp_uart.c...
compiling check.c...
..\Source\HardDriver\src\check.c(7): warning:  #9-D: nested comment is not allowed
  /********************************************************************************************************************/
..\Source\HardDriver\src\check.c: 1 warning, 0 errors
assembling startup_stm32f10x_hd.s...
compiling core_cm3.c...
compiling misc.c...
compiling stm32f10x_bkp.c...
compiling stm32f10x_crc.c...
compiling stm32f10x_dbgmcu.c...
compiling stm32f10x_dma.c...
compiling stm32f10x_exti.c...
compiling stm32f10x_flash.c...
compiling stm32f10x_gpio.c...
compiling stm32f10x_iwdg.c...
compiling stm32f10x_pwr.c...
compiling stm32f10x_rcc.c...
compiling stm32f10x_rtc.c...
compiling stm32f10x_tim.c...
compiling stm32f10x_usart.c...
compiling stm32f10x_wwdg.c...
compiling system_stm32f10x.c...
compiling stm32f10x_adc.c...
compiling stm32f10x_it.c...
linking...
Program Size: Code=3928 RO-data=336 RW-data=24 ZI-data=18120  
FromELF: creating hex file...
".\Objects\mcu_sdk_demo.axf" - 0 Error(s), 6 Warning(s).

<h2>Collection of Component include folders:</h2>
  C:\Users\Lenovo\Desktop\Lidar资料\Delta-3A\Delta-3A_mcu_demo(stm32f103cb)\Keil\RTE
  C:\Keil_v5\ARM\PACK\Keil\STM32F1xx_DFP\2.3.0\Device\Include

<h2>Collection of Component Files used:</h2>
</pre>
</body>
</html>
